// Jest Snapshot v1, https://goo.gl/fbAQLP

exports[`UnassignSystemsModal should match the snapshots 1`] = `
<injectIntl(UnassignSystemsModal)
  setUnassignSystemsModalOpen={[Function]}
  unassignSystemsModalState={
    Object {
      "isUnassignSystemsModalOpen": true,
      "systemsIDs": Array [
        "test_1",
        "test_2",
        "test_3",
      ],
    }
  }
>
  <UnassignSystemsModal
    intl={
      Object {
        "$t": [Function],
        "defaultFormats": Object {},
        "defaultLocale": "en",
        "defaultRichTextElements": undefined,
        "fallbackOnEmptyString": true,
        "formatDate": [Function],
        "formatDateTimeRange": [Function],
        "formatDateToParts": [Function],
        "formatDisplayName": [Function],
        "formatList": [Function],
        "formatListToParts": [Function],
        "formatMessage": [Function],
        "formatNumber": [Function],
        "formatNumberToParts": [Function],
        "formatPlural": [Function],
        "formatRelativeTime": [Function],
        "formatTime": [Function],
        "formatTimeToParts": [Function],
        "formats": Object {},
        "formatters": Object {
          "getDateTimeFormat": [Function],
          "getDisplayNames": [Function],
          "getListFormat": [Function],
          "getMessageFormat": [Function],
          "getNumberFormat": [Function],
          "getPluralRules": [Function],
          "getRelativeTimeFormat": [Function],
        },
        "locale": "en",
        "messages": Object {
          "default.cancel": "Cancel",
          "default.delete": "Delete",
          "default.remove": "Remove",
          "default.save": "Save",
        },
        "onError": [Function],
        "onWarn": [Function],
        "textComponent": Symbol(react.fragment),
        "timeZone": undefined,
        "wrapRichTextChunksInFragment": undefined,
      }
    }
    setUnassignSystemsModalOpen={[Function]}
    unassignSystemsModalState={
      Object {
        "isUnassignSystemsModalOpen": true,
        "systemsIDs": Array [
          "test_1",
          "test_2",
          "test_3",
        ],
      }
    }
  >
    <Modal
      actions={
        Array [
          <Button
            isDisabled={true}
            onClick={[Function]}
            variant="danger"
          >
            Remove
          </Button>,
          <Button
            onClick={[Function]}
            variant="link"
          >
            Cancel
          </Button>,
        ]
      }
      appendTo={[Function]}
      aria-describedby=""
      aria-label=""
      aria-labelledby=""
      className=""
      hasNoBodyWrapper={false}
      isOpen={true}
      onClose={[Function]}
      ouiaSafe={true}
      showClose={true}
      title="Remove systems from patch set"
      titleIconVariant="warning"
      titleLabel=""
      variant="small"
    >
      <Portal
        containerInfo={
          <div>
            <div
              class="pf-c-backdrop"
            >
              <div
                class="pf-l-bullseye"
              >
                <div
                  aria-describedby="pf-modal-part-2"
                  aria-labelledby="pf-modal-part-1"
                  aria-modal="true"
                  class="pf-c-modal-box pf-m-warning pf-m-sm"
                  data-ouia-component-id="OUIA-Generated-Modal-small-1"
                  data-ouia-component-type="PF4/ModalContent"
                  data-ouia-safe="true"
                  id="pf-modal-part-0"
                  role="dialog"
                >
                  <button
                    aria-disabled="false"
                    aria-label="Close"
                    class="pf-c-button pf-m-plain"
                    data-ouia-component-id="OUIA-Generated-Modal-small-1-ModalBoxCloseButton"
                    data-ouia-component-type="PF4/Button"
                    data-ouia-safe="true"
                    type="button"
                  >
                    <svg
                      aria-hidden="true"
                      fill="currentColor"
                      height="1em"
                      role="img"
                      style="vertical-align: -0.125em;"
                      viewBox="0 0 352 512"
                      width="1em"
                    >
                      <path
                        d="M242.72 256l100.07-100.07c12.28-12.28 12.28-32.19 0-44.48l-22.24-22.24c-12.28-12.28-32.19-12.28-44.48 0L176 189.28 75.93 89.21c-12.28-12.28-32.19-12.28-44.48 0L9.21 111.45c-12.28 12.28-12.28 32.19 0 44.48L109.28 256 9.21 356.07c-12.28 12.28-12.28 32.19 0 44.48l22.24 22.24c12.28 12.28 32.2 12.28 44.48 0L176 322.72l100.07 100.07c12.28 12.28 32.2 12.28 44.48 0l22.24-22.24c12.28-12.28 12.28-32.19 0-44.48L242.72 256z"
                      />
                    </svg>
                  </button>
                  <header
                    class="pf-c-modal-box__header"
                  >
                    <h1
                      class="pf-c-modal-box__title pf-m-icon"
                      id="pf-modal-part-1"
                    >
                      <span
                        class="pf-c-modal-box__title-icon"
                      >
                        <svg
                          aria-hidden="true"
                          fill="currentColor"
                          height="1em"
                          role="img"
                          style="vertical-align: -0.125em;"
                          viewBox="0 0 576 512"
                          width="1em"
                        >
                          <path
                            d="M569.517 440.013C587.975 472.007 564.806 512 527.94 512H48.054c-36.937 0-59.999-40.055-41.577-71.987L246.423 23.985c18.467-32.009 64.72-31.951 83.154 0l239.94 416.028zM288 354c-25.405 0-46 20.595-46 46s20.595 46 46 46 46-20.595 46-46-20.595-46-46-46zm-43.673-165.346l7.418 136c.347 6.364 5.609 11.346 11.982 11.346h48.546c6.373 0 11.635-4.982 11.982-11.346l7.418-136c.375-6.874-5.098-12.654-11.982-12.654h-63.383c-6.884 0-12.356 5.78-11.981 12.654z"
                          />
                        </svg>
                      </span>
                      <span
                        class="pf-u-screen-reader"
                      >
                        Warning alert:
                      </span>
                      <span
                        class="pf-c-modal-box__title-text"
                      >
                        Remove systems from patch set
                      </span>
                    </h1>
                  </header>
                  <div
                    class="pf-c-modal-box__body"
                    id="pf-modal-part-2"
                  >
                    <div
                      class="pf-l-grid pf-m-gutter"
                    >
                      <div
                        class="pf-l-grid__item"
                      >
                        Do you want to remove the 
                        <b>
                           1 
                        </b>
                         selected system  from assigned Patch sets?
                      </div>
                      <div
                        class="pf-l-grid__item"
                      >
                        There  are 
                        <b>
                           2 
                        </b>
                          systems  you are trying to remove that are not assigned to any existing Patch Set. This action will not affect them.
                      </div>
                    </div>
                  </div>
                  <footer
                    class="pf-c-modal-box__footer"
                  >
                    <button
                      aria-disabled="false"
                      class="pf-c-button pf-m-danger"
                      data-ouia-component-id="OUIA-Generated-Button-danger-1"
                      data-ouia-component-type="PF4/Button"
                      data-ouia-safe="true"
                      type="button"
                    >
                      Remove
                    </button>
                    <button
                      aria-disabled="false"
                      class="pf-c-button pf-m-link"
                      data-ouia-component-id="OUIA-Generated-Button-link-1"
                      data-ouia-component-type="PF4/Button"
                      data-ouia-safe="true"
                      type="button"
                    >
                      Cancel
                    </button>
                  </footer>
                </div>
              </div>
            </div>
          </div>
        }
      >
        <ModalContent
          actions={
            Array [
              <Button
                isDisabled={true}
                onClick={[Function]}
                variant="danger"
              >
                Remove
              </Button>,
              <Button
                onClick={[Function]}
                variant="link"
              >
                Cancel
              </Button>,
            ]
          }
          aria-describedby=""
          aria-label=""
          aria-labelledby=""
          boxId="pf-modal-part-0"
          className=""
          descriptorId="pf-modal-part-2"
          hasNoBodyWrapper={false}
          isOpen={true}
          labelId="pf-modal-part-1"
          onClose={[Function]}
          ouiaId="OUIA-Generated-Modal-small-1"
          ouiaSafe={true}
          showClose={true}
          title="Remove systems from patch set"
          titleIconVariant="warning"
          titleLabel=""
          variant="small"
        >
          <Backdrop>
            <div
              className="pf-c-backdrop"
            >
              <FocusTrap
                active={true}
                className="pf-l-bullseye"
                focusTrapOptions={
                  Object {
                    "clickOutsideDeactivates": true,
                    "tabbableOptions": Object {
                      "displayCheck": "none",
                    },
                  }
                }
                paused={false}
                preventScrollOnDeactivate={false}
              >
                <div
                  className="pf-l-bullseye"
                >
                  <ModalBox
                    aria-describedby="pf-modal-part-2"
                    aria-label=""
                    aria-labelledby="pf-modal-part-1"
                    className="pf-m-warning"
                    data-ouia-component-id="OUIA-Generated-Modal-small-1"
                    data-ouia-component-type="PF4/ModalContent"
                    data-ouia-safe={true}
                    id="pf-modal-part-0"
                    style={Object {}}
                    variant="small"
                  >
                    <div
                      aria-describedby="pf-modal-part-2"
                      aria-label={null}
                      aria-labelledby="pf-modal-part-1"
                      aria-modal="true"
                      className="pf-c-modal-box pf-m-warning pf-m-sm"
                      data-ouia-component-id="OUIA-Generated-Modal-small-1"
                      data-ouia-component-type="PF4/ModalContent"
                      data-ouia-safe={true}
                      id="pf-modal-part-0"
                      role="dialog"
                      style={Object {}}
                    >
                      <ModalBoxCloseButton
                        onClose={[Function]}
                        ouiaId="OUIA-Generated-Modal-small-1"
                      >
                        <Button
                          aria-label="Close"
                          className=""
                          onClick={[Function]}
                          ouiaId="OUIA-Generated-Modal-small-1-ModalBoxCloseButton"
                          variant="plain"
                        >
                          <ButtonBase
                            aria-label="Close"
                            className=""
                            innerRef={null}
                            onClick={[Function]}
                            ouiaId="OUIA-Generated-Modal-small-1-ModalBoxCloseButton"
                            variant="plain"
                          >
                            <button
                              aria-disabled={false}
                              aria-label="Close"
                              className="pf-c-button pf-m-plain"
                              data-ouia-component-id="OUIA-Generated-Modal-small-1-ModalBoxCloseButton"
                              data-ouia-component-type="PF4/Button"
                              data-ouia-safe={true}
                              disabled={false}
                              onClick={[Function]}
                              role={null}
                              type="button"
                            >
                              <TimesIcon
                                color="currentColor"
                                noVerticalAlign={false}
                                size="sm"
                              >
                                <svg
                                  aria-hidden={true}
                                  aria-labelledby={null}
                                  fill="currentColor"
                                  height="1em"
                                  role="img"
                                  style={
                                    Object {
                                      "verticalAlign": "-0.125em",
                                    }
                                  }
                                  viewBox="0 0 352 512"
                                  width="1em"
                                >
                                  <path
                                    d="M242.72 256l100.07-100.07c12.28-12.28 12.28-32.19 0-44.48l-22.24-22.24c-12.28-12.28-32.19-12.28-44.48 0L176 189.28 75.93 89.21c-12.28-12.28-32.19-12.28-44.48 0L9.21 111.45c-12.28 12.28-12.28 32.19 0 44.48L109.28 256 9.21 356.07c-12.28 12.28-12.28 32.19 0 44.48l22.24 22.24c12.28 12.28 32.2 12.28 44.48 0L176 322.72l100.07 100.07c12.28 12.28 32.2 12.28 44.48 0l22.24-22.24c12.28-12.28 12.28-32.19 0-44.48L242.72 256z"
                                  />
                                </svg>
                              </TimesIcon>
                            </button>
                          </ButtonBase>
                        </Button>
                      </ModalBoxCloseButton>
                      <ModalBoxHeader
                        help={null}
                      >
                        <header
                          className="pf-c-modal-box__header"
                        >
                          <ModalBoxTitle
                            id="pf-modal-part-1"
                            title="Remove systems from patch set"
                            titleIconVariant="warning"
                            titleLabel=""
                          >
                            <h1
                              className="pf-c-modal-box__title pf-m-icon"
                              id="pf-modal-part-1"
                            >
                              <span
                                className="pf-c-modal-box__title-icon"
                              >
                                <ExclamationTriangleIcon
                                  color="currentColor"
                                  noVerticalAlign={false}
                                  size="sm"
                                >
                                  <svg
                                    aria-hidden={true}
                                    aria-labelledby={null}
                                    fill="currentColor"
                                    height="1em"
                                    role="img"
                                    style={
                                      Object {
                                        "verticalAlign": "-0.125em",
                                      }
                                    }
                                    viewBox="0 0 576 512"
                                    width="1em"
                                  >
                                    <path
                                      d="M569.517 440.013C587.975 472.007 564.806 512 527.94 512H48.054c-36.937 0-59.999-40.055-41.577-71.987L246.423 23.985c18.467-32.009 64.72-31.951 83.154 0l239.94 416.028zM288 354c-25.405 0-46 20.595-46 46s20.595 46 46 46 46-20.595 46-46-20.595-46-46-46zm-43.673-165.346l7.418 136c.347 6.364 5.609 11.346 11.982 11.346h48.546c6.373 0 11.635-4.982 11.982-11.346l7.418-136c.375-6.874-5.098-12.654-11.982-12.654h-63.383c-6.884 0-12.356 5.78-11.981 12.654z"
                                    />
                                  </svg>
                                </ExclamationTriangleIcon>
                              </span>
                              <span
                                className="pf-u-screen-reader"
                              >
                                Warning alert:
                              </span>
                              <span
                                className="pf-c-modal-box__title-text"
                              >
                                Remove systems from patch set
                              </span>
                            </h1>
                          </ModalBoxTitle>
                        </header>
                      </ModalBoxHeader>
                      <ModalBoxBody
                        id="pf-modal-part-2"
                      >
                        <div
                          className="pf-c-modal-box__body"
                          id="pf-modal-part-2"
                        >
                          <Grid
                            container={true}
                            hasGutter={true}
                          >
                            <div
                              className="pf-l-grid pf-m-gutter"
                              container={true}
                            >
                              <Skeleton>
                                <div
                                  className="pf-c-skeleton"
                                >
                                  <span
                                    className="pf-u-screen-reader"
                                  />
                                </div>
                              </Skeleton>
                            </div>
                          </Grid>
                        </div>
                      </ModalBoxBody>
                      <ModalBoxFooter>
                        <footer
                          className="pf-c-modal-box__footer"
                        >
                          <Button
                            isDisabled={true}
                            key="confirm"
                            onClick={[Function]}
                            variant="danger"
                          >
                            <ButtonBase
                              innerRef={null}
                              isDisabled={true}
                              onClick={[Function]}
                              variant="danger"
                            >
                              <button
                                aria-disabled={true}
                                aria-label={null}
                                className="pf-c-button pf-m-danger pf-m-disabled"
                                data-ouia-component-id="OUIA-Generated-Button-danger-1"
                                data-ouia-component-type="PF4/Button"
                                data-ouia-safe={true}
                                disabled={true}
                                onClick={[Function]}
                                role={null}
                                tabIndex={null}
                                type="button"
                              >
                                Remove
                              </button>
                            </ButtonBase>
                          </Button>
                          <Button
                            key="cancel"
                            onClick={[Function]}
                            variant="link"
                          >
                            <ButtonBase
                              innerRef={null}
                              onClick={[Function]}
                              variant="link"
                            >
                              <button
                                aria-disabled={false}
                                aria-label={null}
                                className="pf-c-button pf-m-link"
                                data-ouia-component-id="OUIA-Generated-Button-link-1"
                                data-ouia-component-type="PF4/Button"
                                data-ouia-safe={true}
                                disabled={false}
                                onClick={[Function]}
                                role={null}
                                type="button"
                              >
                                Cancel
                              </button>
                            </ButtonBase>
                          </Button>
                        </footer>
                      </ModalBoxFooter>
                    </div>
                  </ModalBox>
                </div>
              </FocusTrap>
            </div>
          </Backdrop>
        </ModalContent>
      </Portal>
    </Modal>
  </UnassignSystemsModal>
</injectIntl(UnassignSystemsModal)>
`;
