// Jest Snapshot v1, https://goo.gl/fbAQLP

exports[`SystemPackages.js Should match the snapshots 1`] = `undefined`;
