// Jest Snapshot v1, https://goo.gl/fbAQLP

exports[`RegisterPage Should match the snapshot 1`] = `
<Fragment>
  <Header
    title="Patch"
  />
  <Connect(InternalMain)>
    <ErrorHandler />
  </Connect(InternalMain)>
</Fragment>
`;
