// Jest Snapshot v1, https://goo.gl/fbAQLP

exports[`Systems.js Should open remediation modal 1`] = `
{
  "isDisabled": false,
  "onClick": [Function],
  "title": "Apply all applicable advisories",
}
`;

exports[`Systems.js should match the snapshot 1`] = `
<DocumentFragment>
  <section
    class="pf-l-page-header pf-c-page-header pf-l-page__main-section pf-c-page__main-section pf-m-light"
    data-ouia-component-type="systems-page-header"
    widget-type="InsightsPageHeader"
  >
    <div
      class="pf-l-split pf-m-gutter"
    >
      <div
        class="pf-l-split__item"
      >
        <h1
          class="pf-c-title pf-m-2xl"
          data-ouia-component-id="OUIA-Generated-Title-2"
          data-ouia-component-type="PF4/Title"
          data-ouia-safe="true"
          widget-type="InsightsPageHeaderTitle"
        >
          Systems
        </h1>
      </div>
      <div
        class="pf-l-split__item pf-m-fill"
      />
      <div
        class="pf-l-split__item"
      />
    </div>
  </section>
  <section
    class="pf-l-page__main-section pf-c-page__main-section"
    style="padding-bottom: 0px;"
  >
    <div
      class="pf-l-grid pf-m-all-12-col pf-m-gutter"
    >
      <div
        class="pf-l-grid__item pf-m-4-col-on-md pf-m-3-col-on-lg"
      >
        <article
          class="pf-c-card pf-m-compact pf-m-full-height"
          data-ouia-component-id="OUIA-Generated-Card-4"
          data-ouia-component-type="PF4/Card"
          data-ouia-safe="true"
          id=""
        >
          <div
            class="pf-c-card__title"
            style="margin-top: 0px;"
          >
            Systems up to date
          </div>
          <div
            class="pf-c-card__body fonst-size-sm"
          >
            <div
              class="pf-l-flex pf-m-inline-flex"
              style="flex-wrap: nowrap;"
            >
              <div
                class="pf-m-spacer-md pf-m-align-self-center"
              >
                <svg
                  aria-hidden="true"
                  fill="var(--pf-global--success-color--100)"
                  height="1.5em"
                  role="img"
                  style="vertical-align: -0.1875em;"
                  viewBox="0 0 512 512"
                  width="1.5em"
                >
                  <path
                    d="M504 256c0 136.967-111.033 248-248 248S8 392.967 8 256 119.033 8 256 8s248 111.033 248 248zM227.314 387.314l184-184c6.248-6.248 6.248-16.379 0-22.627l-22.627-22.627c-6.248-6.249-16.379-6.249-22.628 0L216 308.118l-70.059-70.059c-6.248-6.248-16.379-6.248-22.628 0l-22.627 22.627c-6.248 6.248-6.248 16.379 0 22.627l104 104c6.249 6.249 16.379 6.249 22.628.001z"
                  />
                </svg>
              </div>
              <div
                class="pf-m-spacer-none"
              >
                <div
                  class="pf-c-skeleton"
                  style="--pf-c-skeleton--Width: 24px;"
                >
                  <span
                    class="pf-u-screen-reader"
                  />
                </div>
              </div>
            </div>
          </div>
        </article>
      </div>
      <div
        class="pf-l-grid__item pf-m-4-col-on-md pf-m-3-col-on-lg"
      >
        <article
          class="pf-c-card pf-m-compact pf-m-full-height"
          data-ouia-component-id="OUIA-Generated-Card-5"
          data-ouia-component-type="PF4/Card"
          data-ouia-safe="true"
          id=""
        >
          <div
            class="pf-c-card__title"
            style="margin-top: 0px;"
          >
            Systems with patches available
          </div>
          <div
            class="pf-c-card__body fonst-size-sm"
          >
            <div
              class="pf-l-flex pf-m-inline-flex"
              style="flex-wrap: nowrap;"
            >
              <div
                class="pf-m-spacer-md pf-m-align-self-center"
              >
                <svg
                  aria-hidden="true"
                  fill="var(--pf-global--primary-color--100)"
                  height="1.5em"
                  role="img"
                  style="vertical-align: -0.1875em;"
                  viewBox="0 0 1024 1024"
                  width="1.5em"
                >
                  <path
                    d="M567.7,1010.49707 L951.5,818.498238 C994.7,796.698371 1024,752.39864 1024,703.998934 L1024,320.001265 C1024,271.601559 995.6,227.10183 952.2,205.501961 L568.6,13.5031267 C550.8,4.60318072 531.4,0.103208049 512,-0.00152855358 C492.3,-0.0967907365 472.5,4.40318194 454.4,13.5031267 L70.8,205.501961 C27.4,227.10183 0,271.50156 0,319.801267 L0.9,703.998934 C0.9,752.39864 28.3,796.79837 71.6,818.398239 L455.2,1010.39707 C464.3,1014.89705 488.1,1023.99699 511.9,1023.99699 C535.5,1023.99699 558.8,1014.99704 567.7,1010.49707 Z M512.5,630.899377 L672.5,550.899863 L672.5,645.29929 L736.5,613.299484 L736.5,518.900058 L896,438.900543 L896.5,712.698881 L512.5,904.697715 L512.5,630.899377 Z M145.1,304.101362 L294.9,228.60182 C295.3,228.801819 295.6,229.001818 296,229.201817 L661.9,412.300705 L512.5,487.600248 L145.1,304.101362 Z M512.5,118.902487 L881.3,301.701377 L733.1,376.400923 L366,192.702038 L512.5,118.902487 Z"
                  />
                </svg>
              </div>
              <div
                class="pf-m-spacer-none"
              >
                <div
                  class="pf-c-skeleton"
                  style="--pf-c-skeleton--Width: 24px;"
                >
                  <span
                    class="pf-u-screen-reader"
                  />
                </div>
              </div>
            </div>
          </div>
        </article>
      </div>
      <div
        class="pf-l-grid__item pf-m-4-col-on-md pf-m-3-col-on-lg"
      >
        <article
          class="pf-c-card pf-m-compact pf-m-full-height"
          data-ouia-component-id="OUIA-Generated-Card-6"
          data-ouia-component-type="PF4/Card"
          data-ouia-safe="true"
          id=""
        >
          <div
            class="pf-c-card__title"
            style="margin-top: 0px;"
          >
            Stale systems
          </div>
          <div
            class="pf-c-card__body fonst-size-sm"
          >
            <div
              class="pf-l-flex pf-m-inline-flex"
              style="flex-wrap: nowrap;"
            >
              <div
                class="pf-m-spacer-md pf-m-align-self-center"
              >
                <svg
                  aria-hidden="true"
                  fill="var(--pf-global--warning-color--100)"
                  height="1.5em"
                  role="img"
                  style="vertical-align: -0.1875em;"
                  viewBox="0 0 576 512"
                  width="1.5em"
                >
                  <path
                    d="M569.517 440.013C587.975 472.007 564.806 512 527.94 512H48.054c-36.937 0-59.999-40.055-41.577-71.987L246.423 23.985c18.467-32.009 64.72-31.951 83.154 0l239.94 416.028zM288 354c-25.405 0-46 20.595-46 46s20.595 46 46 46 46-20.595 46-46-20.595-46-46-46zm-43.673-165.346l7.418 136c.347 6.364 5.609 11.346 11.982 11.346h48.546c6.373 0 11.635-4.982 11.982-11.346l7.418-136c.375-6.874-5.098-12.654-11.982-12.654h-63.383c-6.884 0-12.356 5.78-11.981 12.654z"
                  />
                </svg>
              </div>
              <div
                class="pf-m-spacer-none"
              >
                <div
                  class="pf-c-skeleton"
                  style="--pf-c-skeleton--Width: 24px;"
                >
                  <span
                    class="pf-u-screen-reader"
                  />
                </div>
              </div>
            </div>
          </div>
        </article>
      </div>
    </div>
  </section>
  <section
    class="pf-l-page__main-section pf-c-page__main-section"
  >
    <div
      class="testInventroyComponentChild"
    >
      <div>
        This is child
      </div>
    </div>
  </section>
</DocumentFragment>
`;
