// Jest Snapshot v1, https://goo.gl/fbAQLP

exports[`Advisories.js Should match the snapshots 1`] = `undefined`;
