// Jest Snapshot v1, https://goo.gl/fbAQLP

exports[`TableView TableView 1`] = `
<Fragment>
  <PrimaryToolbar
    actionsConfig={
      Object {
        "actions": Array [
          <React.Fragment>
            <Button
              className="remediationButtonPatch"
              isDisabled={true}
              onClick={[Function]}
            >
              <AnsibeTowerIcon
                color="#fff"
                noVerticalAlign={false}
                size="sm"
              />
               Remediate
            </Button>
            <Unknown />
          </React.Fragment>,
        ],
      }
    }
    activeFiltersConfig={
      Object {
        "filters": Array [],
        "onDelete": [Function],
      }
    }
    bulkSelect={
      Object {
        "checked": false,
        "count": 0,
        "items": Array [
          Object {
            "onClick": [Function],
            "title": "Select none (0)",
          },
          Object {
            "onClick": [Function],
            "title": "Select page (0)",
          },
          Object {
            "onClick": [Function],
            "title": "Select all ()",
          },
        ],
        "onSelect": [Function],
        "toggleProps": Object {
          "data-ouia-component-type": "bulk-select-toggle-button",
        },
      }
    }
    exportConfig={
      Object {
        "onSelect": [MockFunction],
      }
    }
    filterConfig={
      Object {
        "items": Array [
          Object {
            "label": "First filter",
          },
          Object {
            "filterValues": Object {
              "items": Array [
                Object {
                  "label": "Some checkbox",
                },
              ],
            },
            "label": "Second filter",
            "type": "checkbox",
          },
        ],
      }
    }
    pagination={
      Object {
        "isCompact": true,
        "itemCount": undefined,
        "onPerPageSelect": [MockFunction],
        "onSetPage": [MockFunction],
        "ouiaId": "top-undefined",
        "page": NaN,
        "perPage": undefined,
      }
    }
    toggleIsExpanded={[Function]}
  />
</Fragment>
`;

exports[`TableView TableView 2`] = `
<Fragment>
  <PrimaryToolbar
    actionsConfig={
      Object {
        "actions": Array [
          <React.Fragment>
            <Button
              className="remediationButtonPatch"
              isDisabled={true}
              onClick={[Function]}
            >
              <AnsibeTowerIcon
                color="#fff"
                noVerticalAlign={false}
                size="sm"
              />
               Remediate
            </Button>
            <Unknown />
          </React.Fragment>,
        ],
      }
    }
    activeFiltersConfig={
      Object {
        "filters": Array [],
        "onDelete": [Function],
      }
    }
    bulkSelect={
      Object {
        "checked": false,
        "count": 0,
        "items": Array [
          Object {
            "onClick": [Function],
            "title": "Select none (0)",
          },
          Object {
            "onClick": [Function],
            "title": "Select page (0)",
          },
          Object {
            "onClick": [Function],
            "title": "Select all ()",
          },
        ],
        "onSelect": [Function],
        "toggleProps": Object {
          "data-ouia-component-type": "bulk-select-toggle-button",
        },
      }
    }
    exportConfig={
      Object {
        "onSelect": [MockFunction],
      }
    }
    filterConfig={
      Object {
        "items": Array [
          Object {
            "label": "First filter",
          },
          Object {
            "filterValues": Object {
              "items": Array [
                Object {
                  "label": "Some checkbox",
                },
              ],
            },
            "label": "Second filter",
            "type": "checkbox",
          },
        ],
      }
    }
    pagination={
      Object {
        "isCompact": true,
        "itemCount": undefined,
        "onPerPageSelect": [MockFunction],
        "onSetPage": [MockFunction],
        "ouiaId": "top-undefined",
        "page": NaN,
        "perPage": undefined,
      }
    }
    toggleIsExpanded={[Function]}
  />
  <SkeletonTable
    canSelectAll={false}
    colSize={5}
    hasRadio={false}
    isSelectable={false}
    paddingColumnSize={0}
    rowSize={20}
  />
</Fragment>
`;

exports[`TableView test table props TableView 1`] = `
<Fragment>
  <PrimaryToolbar
    actionsConfig={
      Object {
        "actions": Array [
          <React.Fragment>
            <Button
              className="remediationButtonPatch"
              isDisabled={true}
              onClick={[Function]}
            >
              <AnsibeTowerIcon
                color="#fff"
                noVerticalAlign={false}
                size="sm"
              />
               Remediate
            </Button>
            <Unknown />
          </React.Fragment>,
        ],
      }
    }
    activeFiltersConfig={
      Object {
        "filters": Array [],
        "onDelete": [Function],
      }
    }
    bulkSelect={
      Object {
        "checked": false,
        "count": 0,
        "items": Array [
          Object {
            "onClick": [Function],
            "title": "Select none (0)",
          },
          Object {
            "onClick": [Function],
            "title": "Select page (0)",
          },
          Object {
            "onClick": [Function],
            "title": "Select all (10)",
          },
        ],
        "onSelect": [Function],
        "toggleProps": Object {
          "data-ouia-component-type": "bulk-select-toggle-button",
        },
      }
    }
    exportConfig={
      Object {
        "onSelect": [MockFunction],
      }
    }
    filterConfig={
      Object {
        "items": Array [
          Object {
            "label": "First filter",
          },
          Object {
            "filterValues": Object {
              "items": Array [
                Object {
                  "label": "Some checkbox",
                },
              ],
            },
            "label": "Second filter",
            "type": "checkbox",
          },
        ],
      }
    }
    pagination={
      Object {
        "isCompact": true,
        "itemCount": 10,
        "onPerPageSelect": [MockFunction],
        "onSetPage": [MockFunction],
        "ouiaId": "top-undefined",
        "page": NaN,
        "perPage": undefined,
      }
    }
    toggleIsExpanded={[Function]}
  />
  <Table
    aria-label="Patch table view"
    borders={true}
    canSelectAll={false}
    canSortFavorites={true}
    cells={Array []}
    className=""
    contentId="expanded-content"
    dropdownDirection="down"
    dropdownPosition="right"
    expandId="expandable-toggle"
    gridBreakPoint="grid-md"
    isStickyHeader={false}
    onCollapse={[MockFunction]}
    onSelect={[MockFunction]}
    onSort={[MockFunction]}
    ouiaSafe={true}
    role="grid"
    rowLabeledBy="simple-node"
    rows={Array []}
    selectVariant="checkbox"
    sortBy={Object {}}
    variant={null}
  >
    <TableHeader />
    <Component />
  </Table>
  <TableFooter
    onPerPageSelect={[MockFunction]}
    onSetPage={[MockFunction]}
    page={NaN}
    paginationOUIA="bottom-undefined"
    totalItems={10}
  />
</Fragment>
`;
