// Jest Snapshot v1, https://goo.gl/fbAQLP

exports[`InventoryPage.js Should match the snapshots 1`] = `
<Provider
  store={
    Object {
      "clearActions": [Function],
      "dispatch": [Function],
      "getActions": [Function],
      "getState": [Function],
      "replaceReducer": [Function],
      "subscribe": [Function],
    }
  }
>
  <BrowserRouter>
    <Router
      history={
        Object {
          "action": "POP",
          "block": [Function],
          "createHref": [Function],
          "go": [Function],
          "goBack": [Function],
          "goForward": [Function],
          "length": 1,
          "listen": [Function],
          "location": Object {
            "hash": "",
            "pathname": "/",
            "search": "",
            "state": undefined,
          },
          "push": [Function],
          "replace": [Function],
        }
      }
    >
      <InventoryDetail
        match={
          Object {
            "params": Object {
              "inventoryId": "test",
            },
          }
        }
      >
        <mockConstructor
          onLoad={[Function]}
        >
          <div
            className="testDetailWrapper"
          >
            <div>
              <Header
                breadcrumbs={
                  Array [
                    Object {
                      "isActive": false,
                      "title": "Patch systems",
                      "to": "/systems/",
                    },
                    Object {
                      "isActive": true,
                      "title": undefined,
                    },
                  ]
                }
                headerOUIA="inventory-details"
                title=""
              >
                <PageHeader
                  data-ouia-component-type="inventory-details-page-header"
                >
                  <section
                    className="pf-l-page-header pf-c-page-header pf-l-page__main-section pf-c-page__main-section pf-m-light"
                    data-ouia-component-type="inventory-details-page-header"
                    widget-type="InsightsPageHeader"
                  >
                    <HeaderBreadcrumbs
                      headerOUIA="inventory-details"
                      items={
                        Array [
                          Object {
                            "isActive": false,
                            "title": "Patch systems",
                            "to": "/systems/",
                          },
                          Object {
                            "isActive": true,
                            "title": undefined,
                          },
                        ]
                      }
                    >
                      <Breadcrumb>
                        <nav
                          aria-label="Breadcrumb"
                          className="pf-c-breadcrumb"
                          data-ouia-component-id="OUIA-Generated-Breadcrumb-1"
                          data-ouia-component-type="PF4/Breadcrumb"
                          data-ouia-safe={true}
                        >
                          <ol
                            className="pf-c-breadcrumb__list"
                          >
                            <BreadcrumbItem
                              isActive={false}
                              key=".$Patch systems"
                              showDivider={false}
                            >
                              <li
                                className="pf-c-breadcrumb__item"
                              >
                                <Link
                                  data-ouia-component-id="breadcrumb-to-Patch systems"
                                  data-ouia-component-type="inventory-details-breadcrumb"
                                  to="/systems/"
                                >
                                  <LinkAnchor
                                    data-ouia-component-id="breadcrumb-to-Patch systems"
                                    data-ouia-component-type="inventory-details-breadcrumb"
                                    href="/systems/"
                                    navigate={[Function]}
                                  >
                                    <a
                                      data-ouia-component-id="breadcrumb-to-Patch systems"
                                      data-ouia-component-type="inventory-details-breadcrumb"
                                      href="/systems/"
                                      onClick={[Function]}
                                    >
                                      Patch systems
                                    </a>
                                  </LinkAnchor>
                                </Link>
                              </li>
                            </BreadcrumbItem>
                            <BreadcrumbItem
                              isActive={true}
                              key=".1"
                              showDivider={true}
                            >
                              <li
                                className="pf-c-breadcrumb__item"
                              >
                                <span
                                  className="pf-c-breadcrumb__item-divider"
                                >
                                  <AngleRightIcon
                                    color="currentColor"
                                    noVerticalAlign={false}
                                    size="sm"
                                  >
                                    <svg
                                      aria-hidden={true}
                                      aria-labelledby={null}
                                      fill="currentColor"
                                      height="1em"
                                      role="img"
                                      style={
                                        Object {
                                          "verticalAlign": "-0.125em",
                                        }
                                      }
                                      viewBox="0 0 256 512"
                                      width="1em"
                                    >
                                      <path
                                        d="M224.3 273l-136 136c-9.4 9.4-24.6 9.4-33.9 0l-22.6-22.6c-9.4-9.4-9.4-24.6 0-33.9l96.4-96.4-96.4-96.4c-9.4-9.4-9.4-24.6 0-33.9L54.3 103c9.4-9.4 24.6-9.4 33.9 0l136 136c9.5 9.4 9.5 24.6.1 34z"
                                      />
                                    </svg>
                                  </AngleRightIcon>
                                </span>
                              </li>
                            </BreadcrumbItem>
                          </ol>
                        </nav>
                      </Breadcrumb>
                    </HeaderBreadcrumbs>
                    <PageHeaderTitle
                      title=""
                    >
                      <Title
                        className=""
                        headingLevel="h1"
                        size="2xl"
                        widget-type="InsightsPageHeaderTitle"
                      >
                        <h1
                          className="pf-c-title pf-m-2xl"
                          data-ouia-component-id="OUIA-Generated-Title-1"
                          data-ouia-component-type="PF4/Title"
                          data-ouia-safe={true}
                          widget-type="InsightsPageHeaderTitle"
                        />
                      </Title>
                    </PageHeaderTitle>
                    <mockConstructor
                      actions={
                        Array [
                          Object {
                            "key": "assign-to-patch-set",
                            "onClick": [Function],
                            "title": "Assign to patch sets",
                          },
                        ]
                      }
                      hideBack={true}
                      showTags={true}
                    >
                      <div
                        className="testInventoryDetailHead"
                      >
                        <div>
                          This is child
                        </div>
                      </div>
                    </mockConstructor>
                  </section>
                </PageHeader>
              </Header>
              <Connect(InternalMain)>
                <InternalMain>
                  <section
                    className="pf-l-page__main-section pf-c-page__main-section"
                    page-type=""
                  >
                    <mockConstructor>
                      <div
                        className="testInventroyAppInfo"
                      >
                        <div>
                          This is child
                        </div>
                      </div>
                    </mockConstructor>
                  </section>
                </InternalMain>
              </Connect(InternalMain)>
            </div>
          </div>
        </mockConstructor>
      </InventoryDetail>
    </Router>
  </BrowserRouter>
</Provider>
`;
