// Jest Snapshot v1, https://goo.gl/fbAQLP

exports[`InventoryPage.js Should match the snapshots 1`] = `
<Provider
  store={
    Object {
      "clearActions": [Function],
      "dispatch": [Function],
      "getActions": [Function],
      "getState": [Function],
      "replaceReducer": [Function],
      "subscribe": [Function],
    }
  }
>
  <BrowserRouter>
    <Router
      history={
        Object {
          "action": "POP",
          "block": [Function],
          "createHref": [Function],
          "go": [Function],
          "goBack": [Function],
          "goForward": [Function],
          "length": 1,
          "listen": [Function],
          "location": Object {
            "hash": "",
            "pathname": "/",
            "search": "",
            "state": undefined,
          },
          "push": [Function],
          "replace": [Function],
        }
      }
    >
      <InventoryDetail>
        <Header
          breadcrumbs={
            Array [
              Object {
                "isActive": false,
                "title": "Patch",
                "to": "/",
              },
              Object {
                "isActive": false,
                "title": "Systems",
                "to": "/systems/",
              },
              Object {
                "isActive": true,
                "title": undefined,
              },
            ]
          }
          headerOUIA="inventory-details"
          title=""
        >
          <PageHeader
            data-ouia-component-type="inventory-details-page-header"
          >
            <section
              className="pf-l-page-header pf-c-page-header pf-l-page__main-section pf-c-page__main-section pf-m-light"
              data-ouia-component-type="inventory-details-page-header"
              widget-type="InsightsPageHeader"
            >
              <HeaderBreadcrumbs
                headerOUIA="inventory-details"
                items={
                  Array [
                    Object {
                      "isActive": false,
                      "title": "Patch",
                      "to": "/",
                    },
                    Object {
                      "isActive": false,
                      "title": "Systems",
                      "to": "/systems/",
                    },
                    Object {
                      "isActive": true,
                      "title": undefined,
                    },
                  ]
                }
              >
                <Breadcrumb>
                  <nav
                    aria-label="Breadcrumb"
                    className="pf-c-breadcrumb"
                    data-ouia-component-id={2}
                    data-ouia-component-type="PF4/Breadcrumb"
                    data-ouia-safe={true}
                  >
                    <ol
                      className="pf-c-breadcrumb__list"
                    >
                      <BreadcrumbItem
                        isActive={false}
                        key=".$Patch"
                        showDivider={false}
                      >
                        <li
                          className="pf-c-breadcrumb__item"
                        >
                          <Link
                            data-ouia-component-id="breadcrumb-to-Patch"
                            data-ouia-component-type="inventory-details-breadcrumb"
                            to="/"
                          >
                            <LinkAnchor
                              data-ouia-component-id="breadcrumb-to-Patch"
                              data-ouia-component-type="inventory-details-breadcrumb"
                              href="/"
                              navigate={[Function]}
                            >
                              <a
                                data-ouia-component-id="breadcrumb-to-Patch"
                                data-ouia-component-type="inventory-details-breadcrumb"
                                href="/"
                                onClick={[Function]}
                              >
                                Patch
                              </a>
                            </LinkAnchor>
                          </Link>
                        </li>
                      </BreadcrumbItem>
                      <BreadcrumbItem
                        isActive={false}
                        key=".$Systems"
                        showDivider={true}
                      >
                        <li
                          className="pf-c-breadcrumb__item"
                        >
                          <span
                            className="pf-c-breadcrumb__item-divider"
                          >
                            <AngleRightIcon
                              color="currentColor"
                              noVerticalAlign={false}
                              size="sm"
                            >
                              <svg
                                aria-hidden={true}
                                aria-labelledby={null}
                                fill="currentColor"
                                height="1em"
                                role="img"
                                style={
                                  Object {
                                    "verticalAlign": "-0.125em",
                                  }
                                }
                                viewBox="0 0 256 512"
                                width="1em"
                              >
                                <path
                                  d="M224.3 273l-136 136c-9.4 9.4-24.6 9.4-33.9 0l-22.6-22.6c-9.4-9.4-9.4-24.6 0-33.9l96.4-96.4-96.4-96.4c-9.4-9.4-9.4-24.6 0-33.9L54.3 103c9.4-9.4 24.6-9.4 33.9 0l136 136c9.5 9.4 9.5 24.6.1 34z"
                                  transform=""
                                />
                              </svg>
                            </AngleRightIcon>
                          </span>
                          <Link
                            data-ouia-component-id="breadcrumb-to-Systems"
                            data-ouia-component-type="inventory-details-breadcrumb"
                            to="/systems/"
                          >
                            <LinkAnchor
                              data-ouia-component-id="breadcrumb-to-Systems"
                              data-ouia-component-type="inventory-details-breadcrumb"
                              href="/systems/"
                              navigate={[Function]}
                            >
                              <a
                                data-ouia-component-id="breadcrumb-to-Systems"
                                data-ouia-component-type="inventory-details-breadcrumb"
                                href="/systems/"
                                onClick={[Function]}
                              >
                                Systems
                              </a>
                            </LinkAnchor>
                          </Link>
                        </li>
                      </BreadcrumbItem>
                      <BreadcrumbItem
                        isActive={true}
                        key=".2"
                        showDivider={true}
                      >
                        <li
                          className="pf-c-breadcrumb__item"
                        >
                          <span
                            className="pf-c-breadcrumb__item-divider"
                          >
                            <AngleRightIcon
                              color="currentColor"
                              noVerticalAlign={false}
                              size="sm"
                            >
                              <svg
                                aria-hidden={true}
                                aria-labelledby={null}
                                fill="currentColor"
                                height="1em"
                                role="img"
                                style={
                                  Object {
                                    "verticalAlign": "-0.125em",
                                  }
                                }
                                viewBox="0 0 256 512"
                                width="1em"
                              >
                                <path
                                  d="M224.3 273l-136 136c-9.4 9.4-24.6 9.4-33.9 0l-22.6-22.6c-9.4-9.4-9.4-24.6 0-33.9l96.4-96.4-96.4-96.4c-9.4-9.4-9.4-24.6 0-33.9L54.3 103c9.4-9.4 24.6-9.4 33.9 0l136 136c9.5 9.4 9.5 24.6.1 34z"
                                  transform=""
                                />
                              </svg>
                            </AngleRightIcon>
                          </span>
                        </li>
                      </BreadcrumbItem>
                    </ol>
                  </nav>
                </Breadcrumb>
              </HeaderBreadcrumbs>
              <PageHeaderTitle
                title=""
              >
                <Title
                  className=""
                  headingLevel="h1"
                  size="2xl"
                  widget-type="InsightsPageHeaderTitle"
                >
                  <h1
                    className="pf-c-title pf-m-2xl"
                    widget-type="InsightsPageHeaderTitle"
                  >
                     
                     
                  </h1>
                </Title>
              </PageHeaderTitle>
              <InventoryDetailHead
                hideBack={true}
              >
                <div>
                  A mock passed! 
                   
                </div>
              </InventoryDetailHead>
            </section>
          </PageHeader>
        </Header>
        <Connect(Main)>
          <Main>
            <section
              className="pf-l-page__main-section pf-c-page__main-section"
              page-type=""
            >
              <AppInfo>
                <div>
                  A mock passed! 
                   
                </div>
              </AppInfo>
            </section>
          </Main>
        </Connect(Main)>
      </InventoryDetail>
    </Router>
  </BrowserRouter>
</Provider>
`;
