// Jest Snapshot v1, https://goo.gl/fbAQLP

exports[`SystemDetail.js Should match the snapshots 1`] = `""`;
