// Jest Snapshot v1, https://goo.gl/fbAQLP

exports[`EmptyAdvisoryList Should match the snapshot 1`] = `
<EmptyState
  variant="full"
>
  <EmptyStateIcon
    icon={[Function]}
  />
  <Title
    headingLevel="h5"
    size="lg"
  >
    No matching Advisories found
  </Title>
</EmptyState>
`;
