// Jest Snapshot v1, https://goo.gl/fbAQLP

exports[`DataMappers Should create package list 1`] = `
Object {
  "cells": Array [
    Object {
      "title": <Link
        to="/packages/test-name-2"
      >
        test-name-2
      </Link>,
    },
    Object {
      "title": "test-evra-2",
    },
    Object {
      "title": "test-update-evra",
    },
    Object {
      "title": <div
        style={
          Object {
            "alignItems": "center",
            "display": "flex",
          }
        }
      >
        <CheckIcon
          color="currentColor"
          noVerticalAlign={false}
          size="sm"
          style={
            Object {
              "color": "var(--pf-global--success-color--100)",
            }
          }
        />
        <span
          style={
            Object {
              "marginLeft": "var(--pf-global--spacer--sm)",
            }
          }
        >
          Up-to-date
        </span>
      </div>,
    },
    Object {
      "title": "Access control list utilities",
    },
  ],
  "disableSelection": false,
  "id": "test-name-2-test-evra-2",
  "key": "test-name-2-test-evra-2",
  "selected": false,
}
`;
